// Jest Snapshot v1, https://goo.gl/fbAQLP

exports[`snapshot for app component 1`] = `
{
  "asFragment": [Function],
  "baseElement": <body>
    <div>
      <div
        class="container"
      >
        <h1
          class="mt-5"
        >
          Variants
        </h1>
        <br />
        <div
          class="d-flex flex-column "
        >
          <button
            class="contained medium "
          >
             Contained 
          </button>
          <button
            class="contained medium "
            disabled=""
          >
             Disabled 
          </button>
          <button
            class="link small "
          >
             Link 
          </button>
          <button
            class="outlined large "
          >
             Outlined 
          </button>
          <button
            class="contained undefined "
          >
            <span
              class="start_icon_button"
            >
              <i
                class="fa fa-trash"
              />
            </span>
             Delete 
          </button>
          <button
            class="send undefined "
          >
             Send 
            <span
              class="end_icon_button"
            >
              <i
                class="fa fa-paper-plane"
              />
            </span>
          </button>
          <button
            class="contained undefined red"
          >
             Error 
          </button>
          <button
            class="contained undefined green"
          >
             Success 
          </button>
        </div>
      </div>
    </div>
  </body>,
  "container": <div>
    <div
      class="container"
    >
      <h1
        class="mt-5"
      >
        Variants
      </h1>
      <br />
      <div
        class="d-flex flex-column "
      >
        <button
          class="contained medium "
        >
           Contained 
        </button>
        <button
          class="contained medium "
          disabled=""
        >
           Disabled 
        </button>
        <button
          class="link small "
        >
           Link 
        </button>
        <button
          class="outlined large "
        >
           Outlined 
        </button>
        <button
          class="contained undefined "
        >
          <span
            class="start_icon_button"
          >
            <i
              class="fa fa-trash"
            />
          </span>
           Delete 
        </button>
        <button
          class="send undefined "
        >
           Send 
          <span
            class="end_icon_button"
          >
            <i
              class="fa fa-paper-plane"
            />
          </span>
        </button>
        <button
          class="contained undefined red"
        >
           Error 
        </button>
        <button
          class="contained undefined green"
        >
           Success 
        </button>
      </div>
    </div>
  </div>,
  "debug": [Function],
  "findAllByAltText": [Function],
  "findAllByDisplayValue": [Function],
  "findAllByLabelText": [Function],
  "findAllByPlaceholderText": [Function],
  "findAllByRole": [Function],
  "findAllByTestId": [Function],
  "findAllByText": [Function],
  "findAllByTitle": [Function],
  "findByAltText": [Function],
  "findByDisplayValue": [Function],
  "findByLabelText": [Function],
  "findByPlaceholderText": [Function],
  "findByRole": [Function],
  "findByTestId": [Function],
  "findByText": [Function],
  "findByTitle": [Function],
  "getAllByAltText": [Function],
  "getAllByDisplayValue": [Function],
  "getAllByLabelText": [Function],
  "getAllByPlaceholderText": [Function],
  "getAllByRole": [Function],
  "getAllByTestId": [Function],
  "getAllByText": [Function],
  "getAllByTitle": [Function],
  "getByAltText": [Function],
  "getByDisplayValue": [Function],
  "getByLabelText": [Function],
  "getByPlaceholderText": [Function],
  "getByRole": [Function],
  "getByTestId": [Function],
  "getByText": [Function],
  "getByTitle": [Function],
  "queryAllByAltText": [Function],
  "queryAllByDisplayValue": [Function],
  "queryAllByLabelText": [Function],
  "queryAllByPlaceholderText": [Function],
  "queryAllByRole": [Function],
  "queryAllByTestId": [Function],
  "queryAllByText": [Function],
  "queryAllByTitle": [Function],
  "queryByAltText": [Function],
  "queryByDisplayValue": [Function],
  "queryByLabelText": [Function],
  "queryByPlaceholderText": [Function],
  "queryByRole": [Function],
  "queryByTestId": [Function],
  "queryByText": [Function],
  "queryByTitle": [Function],
  "rerender": [Function],
  "unmount": [Function],
}
`;
